2026-04-11 22:19:04,632 | INFO     | ======================================================================
2026-04-11 22:19:04,632 | INFO     | STEP 1 -- ZERO-LEAKAGE 3-WAY SPLIT
2026-04-11 22:19:04,632 | INFO     | ======================================================================
2026-04-11 22:19:04,649 | INFO     |   Dataset Shape : (2509, 24)
2026-04-11 22:19:04,649 | INFO     |   Split Ratios  : Train=1505 (60%) | Val=502 (20%) | Test=502 (20%)
2026-04-11 22:19:04,649 | INFO     | 
2026-04-11 22:19:04,649 | INFO     | ======================================================================
2026-04-11 22:19:04,649 | INFO     | STEP 2 -- OPTUNA TUNING (5-Fold CV on Train set)
2026-04-11 22:19:04,651 | INFO     | ======================================================================
2026-04-11 23:30:50,240 | INFO     |   Best params found: {'depth': 5, 'learning_rate': 0.06852588121775724, 'l2_leaf_reg': 8.380840375327058, 'scale_pos_weight': 1.9884051359596902}
2026-04-11 23:30:50,242 | INFO     | 
2026-04-11 23:30:50,243 | INFO     | ======================================================================
2026-04-11 23:30:50,243 | INFO     | STEP 3 -- FIT -> CALIBRATE -> OPTIMIZE THRESHOLD
2026-04-11 23:30:50,243 | INFO     | ======================================================================
2026-04-11 23:30:50,243 | INFO     |   Starting final model training...
2026-04-11 23:30:57,059 | INFO     |   Calibration completed on Validation Set (No leakage).
2026-04-11 23:30:57,233 | INFO     |   Optimal Threshold found on Val: 0.29 (F1=0.5996)
2026-04-11 23:30:57,233 | INFO     | 
2026-04-11 23:30:57,233 | INFO     | ======================================================================
2026-04-11 23:30:57,233 | INFO     | STEP 4 -- GLOBAL PIPELINE CROSS-VALIDATION
2026-04-11 23:30:57,233 | INFO     | ======================================================================
2026-04-11 23:30:57,233 | INFO     |   Evaluating 5 folds...
2026-04-11 23:31:33,524 | INFO     |     Fold 1: F1=0.5796 | AUC=0.6344
2026-04-11 23:32:11,283 | INFO     |     Fold 2: F1=0.5789 | AUC=0.6374
2026-04-11 23:32:48,658 | INFO     |     Fold 3: F1=0.5852 | AUC=0.6680
2026-04-11 23:33:24,622 | INFO     |     Fold 4: F1=0.5926 | AUC=0.6731
2026-04-11 23:34:01,226 | INFO     |     Fold 5: F1=0.5776 | AUC=0.6541
2026-04-11 23:34:01,231 | INFO     |   Global Robustness: F1=0.5828 ± 0.0055
2026-04-11 23:34:01,234 | INFO     | 
2026-04-11 23:34:01,234 | INFO     | ======================================================================
2026-04-11 23:34:01,234 | INFO     | FINAL STEP -- THE VAULT (Evaluation on unseen Test Set)
2026-04-11 23:34:01,234 | INFO     | ======================================================================
2026-04-11 23:34:01,247 | INFO     |   FINAL F1-SCORE : 0.5611 
2026-04-11 23:34:01,247 | INFO     |   FINAL ROC-AUC  : 0.6391
2026-04-11 23:34:01,254 | INFO     |   Classification Report:
              precision    recall  f1-score   support

           0       0.69      0.28      0.40       302
           1       0.43      0.81      0.56       200

    accuracy                           0.49       502
   macro avg       0.56      0.55      0.48       502
weighted avg       0.59      0.49      0.46       502

2026-04-11 23:34:01,254 | INFO     | 
2026-04-11 23:34:01,256 | INFO     | ======================================================================
2026-04-11 23:34:01,256 | INFO     | STEP 5 -- SCIENTIFIC VISUALIZATIONS
2026-04-11 23:34:01,256 | INFO     | ======================================================================
2026-04-11 23:34:01,627 | INFO     |   Generating SHAP Summary Plot...
2026-04-11 23:34:02,353 | INFO     |   Plots saved to ./plots/
2026-04-11 23:34:02,358 | INFO     | 
Pipeline v5.0.0 finished in 4497.7s
